// Jest Snapshot v1, https://goo.gl/fbAQLP

exports[`DeckSummary renders counts and average 1`] = `
<div
  class="mt-4 pt-4 border-t border-slate-600"
>
  <div
    class="grid grid-cols-3 gap-4 text-center"
  >
    <div>
      <div
        class="text-lg font-semibold text-purple-400"
      >
        10
      </div>
      <div
        class="text-xs text-gray-400"
      >
        Unique Cards
      </div>
    </div>
    <div>
      <div
        class="text-lg font-semibold text-blue-400"
      >
        30
      </div>
      <div
        class="text-xs text-gray-400"
      >
        Total Cards
      </div>
    </div>
    <div>
      <div
        class="text-lg font-semibold text-green-400"
      >
        2.7
      </div>
      <div
        class="text-xs text-gray-400"
      >
        Avg Cost
      </div>
    </div>
  </div>
</div>
`;
