// Jest Snapshot v1, https://goo.gl/fbAQLP

exports[`DeckRow renders and matches snapshot 1`] = `
<div
  class="flex items-center justify-between bg-slate-800/50 border border-slate-600 rounded-lg p-3 hover:bg-slate-800"
  data-testid="deck-row"
  draggable="true"
  tabindex="0"
>
  <div
    aria-hidden="true"
    class="cursor-grab mr-2 select-none"
    title="Drag to reorder"
  >
    ≡
  </div>
  <div
    class="flex items-center gap-1"
  >
    <button
      aria-label="Remove one Alpha"
      class="inline-flex items-center justify-center whitespace-nowrap rounded-md text-sm font-medium ring-offset-background transition-colors focus-visible:outline-none focus-visible:ring-2 focus-visible:ring-ring focus-visible:ring-offset-2 disabled:pointer-events-none disabled:opacity-50 border border-input bg-background hover:bg-accent hover:text-accent-foreground h-9 rounded-md px-3 h-6 w-6 p-0"
    >
      -
    </button>
    <span
      class="w-8 text-center text-sm font-medium"
    >
      2
    </span>
    <button
      aria-label="Add one Alpha"
      class="inline-flex items-center justify-center whitespace-nowrap rounded-md text-sm font-medium ring-offset-background transition-colors focus-visible:outline-none focus-visible:ring-2 focus-visible:ring-ring focus-visible:ring-offset-2 disabled:pointer-events-none disabled:opacity-50 border border-input bg-background hover:bg-accent hover:text-accent-foreground h-9 rounded-md px-3 h-6 w-6 p-0"
    >
      +
    </button>
  </div>
  <div
    class="flex-1 px-3"
  >
    <div
      class="font-semibold text-white"
    >
      Alpha
    </div>
    <div
      class="text-xs text-gray-400"
    >
      Cost: 
      2
      <div
        class="inline-flex items-center rounded-full border px-2.5 py-0.5 text-xs font-semibold transition-colors focus:outline-none focus:ring-2 focus:ring-ring focus:ring-offset-2 border-transparent hover:bg-primary/80 ml-2 bg-gray-100 text-gray-800 dark:bg-gray-800/40 dark:text-gray-300"
      >
        common
      </div>
    </div>
    <div
      class="text-xs text-gray-400"
    >
      unit
       • 
      solaris
    </div>
  </div>
  <button
    aria-label="Remove Alpha from deck"
    class="inline-flex items-center justify-center whitespace-nowrap rounded-md text-sm font-medium ring-offset-background transition-colors focus-visible:outline-none focus-visible:ring-2 focus-visible:ring-ring focus-visible:ring-offset-2 disabled:pointer-events-none disabled:opacity-50 hover:bg-accent hover:text-accent-foreground h-9 rounded-md px-3 text-red-400 hover:text-red-300 hover:bg-red-400/10"
  >
    <svg
      class="lucide lucide-trash2 w-4 h-4"
      fill="none"
      height="24"
      stroke="currentColor"
      stroke-linecap="round"
      stroke-linejoin="round"
      stroke-width="2"
      viewBox="0 0 24 24"
      width="24"
      xmlns="http://www.w3.org/2000/svg"
    >
      <path
        d="M3 6h18"
      />
      <path
        d="M19 6v14c0 1-1 2-2 2H7c-1 0-2-1-2-2V6"
      />
      <path
        d="M8 6V4c0-1 1-2 2-2h4c1 0 2 1 2 2v2"
      />
      <line
        x1="10"
        x2="10"
        y1="11"
        y2="17"
      />
      <line
        x1="14"
        x2="14"
        y1="11"
        y2="17"
      />
    </svg>
  </button>
</div>
`;
