// Jest Snapshot v1, https://goo.gl/fbAQLP

exports[`DropZone renders header and children 1`] = `
<div
  class="rounded-lg border text-card-foreground shadow-sm bg-slate-800/50 border-slate-600 transition-colors"
>
  <div
    class="flex flex-col space-y-1.5 p-6"
  >
    <div
      class="flex justify-between items-center"
    >
      <h3
        class="text-2xl font-semibold leading-none tracking-tight flex items-center gap-2"
      >
        Current Deck
        <div
          class="inline-flex items-center rounded-full border px-2.5 py-0.5 text-xs font-semibold transition-colors focus:outline-none focus:ring-2 focus:ring-ring focus:ring-offset-2 text-foreground ml-2"
        >
          5
           cards
        </div>
      </h3>
    </div>
  </div>
  <div
    class="p-6 pt-0"
  >
    <div>
      content
    </div>
  </div>
</div>
`;
